// Jest Snapshot v1, https://goo.gl/fbAQLP

exports[`FoliofyStack snapshot test - CloudFormation template should match 1`] = `
{
  "Outputs": {
    "UserPoolArn": {
      "Description": "Cognito User Pool ARN",
      "Value": {
        "Fn::GetAtt": [
          "FoliofyUserPoolE05D8A5B",
          "Arn",
        ],
      },
    },
    "UserPoolClientId": {
      "Description": "Cognito User Pool Client ID",
      "Value": {
        "Ref": "FoliofyUserPoolClient0245899C",
      },
    },
    "UserPoolId": {
      "Description": "Cognito User Pool ID",
      "Value": {
        "Ref": "FoliofyUserPoolE05D8A5B",
      },
    },
  },
  "Parameters": {
    "BootstrapVersion": {
      "Default": "/cdk-bootstrap/hnb659fds/version",
      "Description": "Version of the CDK Bootstrap resources in this environment, automatically retrieved from SSM Parameter Store. [cdk:skip]",
      "Type": "AWS::SSM::Parameter::Value<String>",
    },
  },
  "Resources": {
    "FoliofyUserPoolClient0245899C": {
      "Properties": {
        "AllowedOAuthFlows": [
          "implicit",
          "code",
        ],
        "AllowedOAuthFlowsUserPoolClient": true,
        "AllowedOAuthScopes": [
          "profile",
          "phone",
          "email",
          "openid",
          "aws.cognito.signin.user.admin",
        ],
        "CallbackURLs": [
          "https://example.com",
        ],
        "ClientName": "foliofy-web-client",
        "ExplicitAuthFlows": [
          "ALLOW_USER_PASSWORD_AUTH",
          "ALLOW_USER_SRP_AUTH",
          "ALLOW_REFRESH_TOKEN_AUTH",
        ],
        "GenerateSecret": false,
        "PreventUserExistenceErrors": "ENABLED",
        "SupportedIdentityProviders": [
          "COGNITO",
        ],
        "UserPoolId": {
          "Ref": "FoliofyUserPoolE05D8A5B",
        },
      },
      "Type": "AWS::Cognito::UserPoolClient",
    },
    "FoliofyUserPoolE05D8A5B": {
      "DeletionPolicy": "Retain",
      "Properties": {
        "AccountRecoverySetting": {
          "RecoveryMechanisms": [
            {
              "Name": "verified_email",
              "Priority": 1,
            },
          ],
        },
        "AdminCreateUserConfig": {
          "AllowAdminCreateUserOnly": false,
        },
        "AutoVerifiedAttributes": [
          "email",
        ],
        "EmailVerificationMessage": "The verification code to your new account is {####}",
        "EmailVerificationSubject": "Verify your new account",
        "Policies": {
          "PasswordPolicy": {
            "MinimumLength": 8,
            "RequireLowercase": true,
            "RequireNumbers": true,
            "RequireSymbols": false,
            "RequireUppercase": true,
          },
        },
        "Schema": [
          {
            "Mutable": false,
            "Name": "email",
            "Required": true,
          },
        ],
        "SmsVerificationMessage": "The verification code to your new account is {####}",
        "UserPoolName": "foliofy-user-pool",
        "UsernameAttributes": [
          "email",
        ],
        "VerificationMessageTemplate": {
          "DefaultEmailOption": "CONFIRM_WITH_CODE",
          "EmailMessage": "The verification code to your new account is {####}",
          "EmailSubject": "Verify your new account",
          "SmsMessage": "The verification code to your new account is {####}",
        },
      },
      "Type": "AWS::Cognito::UserPool",
      "UpdateReplacePolicy": "Retain",
    },
  },
  "Rules": {
    "CheckBootstrapVersion": {
      "Assertions": [
        {
          "Assert": {
            "Fn::Not": [
              {
                "Fn::Contains": [
                  [
                    "1",
                    "2",
                    "3",
                    "4",
                    "5",
                  ],
                  {
                    "Ref": "BootstrapVersion",
                  },
                ],
              },
            ],
          },
          "AssertDescription": "CDK bootstrap stack version 6 required. Please run 'cdk bootstrap' with a recent version of the CDK CLI.",
        },
      ],
    },
  },
}
`;
